{
  "user_name": "ryu0114h",
  "passward": "test"
}
