{
  "user_name": "ryu0114h",
  "password": "test"
}
